MemTotal:       791207952 kB
MemFree:        765324984 kB
MemAvailable:   772748832 kB
Buffers:            3020 kB
Cached:         10065296 kB
SwapCached:            0 kB
Active:         11218824 kB
Inactive:        9086816 kB
Active(anon):   10075664 kB
Inactive(anon):     8612 kB
Active(file):    1143160 kB
Inactive(file):  9078204 kB
Unevictable:           0 kB
Mlocked:               0 kB
SwapTotal:      100663292 kB
SwapFree:       100663292 kB
Dirty:           3572608 kB
Writeback:             0 kB
AnonPages:      10225176 kB
Mapped:           420780 kB
Shmem:             12576 kB
Slab:            1750220 kB
SReclaimable:    1238104 kB
SUnreclaim:       512116 kB
KernelStack:       39664 kB
PageTables:        52880 kB
NFS_Unstable:          0 kB
Bounce:                0 kB
WritebackTmp:          0 kB
CommitLimit:    496267268 kB
Committed_AS:   16036608 kB
VmallocTotal:   34359738367 kB
VmallocUsed:           0 kB
VmallocChunk:          0 kB
Percpu:           103040 kB
HardwareCorrupted:     0 kB
AnonHugePages:   8835072 kB
ShmemHugePages:        0 kB
ShmemPmdMapped:        0 kB
CmaTotal:              0 kB
CmaFree:               0 kB
HugePages_Total:       0
HugePages_Free:        0
HugePages_Rsvd:        0
HugePages_Surp:        0
Hugepagesize:       2048 kB
Hugetlb:               0 kB
DirectMap4k:      675964 kB
DirectMap2M:    11544576 kB
DirectMap1G:    793772032 kB
