MemTotal:       791207952 kB
MemFree:        500248304 kB
MemAvailable:   753755632 kB
Buffers:            3012 kB
Cached:         220692072 kB
SwapCached:            0 kB
Active:         76271912 kB
Inactive:       152448936 kB
Active(anon):    7736364 kB
Inactive(anon):    17792 kB
Active(file):   68535548 kB
Inactive(file): 152431144 kB
Unevictable:           0 kB
Mlocked:               0 kB
SwapTotal:      100663292 kB
SwapFree:       100663292 kB
Dirty:              2496 kB
Writeback:             0 kB
AnonPages:       7995124 kB
Mapped:           955064 kB
Shmem:             22184 kB
Slab:           40913140 kB
SReclaimable:   36749264 kB
SUnreclaim:      4163876 kB
KernelStack:       45760 kB
PageTables:        76448 kB
NFS_Unstable:          0 kB
Bounce:                0 kB
WritebackTmp:          0 kB
CommitLimit:    496267268 kB
Committed_AS:   16356616 kB
VmallocTotal:   34359738367 kB
VmallocUsed:           0 kB
VmallocChunk:          0 kB
Percpu:           103040 kB
HardwareCorrupted:     0 kB
AnonHugePages:   5400576 kB
ShmemHugePages:        0 kB
ShmemPmdMapped:        0 kB
CmaTotal:              0 kB
CmaFree:               0 kB
HugePages_Total:       0
HugePages_Free:        0
HugePages_Rsvd:        0
HugePages_Surp:        0
Hugepagesize:       2048 kB
Hugetlb:               0 kB
DirectMap4k:      833660 kB
DirectMap2M:    58572800 kB
DirectMap1G:    746586112 kB
