MemTotal:       791207952 kB
MemFree:        718944480 kB
MemAvailable:   774579268 kB
Buffers:            3012 kB
Cached:         57373404 kB
SwapCached:            0 kB
Active:         18473008 kB
Inactive:       45670604 kB
Active(anon):    6534144 kB
Inactive(anon):     8804 kB
Active(file):   11938864 kB
Inactive(file): 45661800 kB
Unevictable:           0 kB
Mlocked:               0 kB
SwapTotal:      100663292 kB
SwapFree:       100663292 kB
Dirty:             30820 kB
Writeback:             0 kB
AnonPages:       6755456 kB
Mapped:           571440 kB
Shmem:             13228 kB
Slab:            3739968 kB
SReclaimable:    2373464 kB
SUnreclaim:      1366504 kB
KernelStack:       44848 kB
PageTables:        68352 kB
NFS_Unstable:          0 kB
Bounce:                0 kB
WritebackTmp:          0 kB
CommitLimit:    496267268 kB
Committed_AS:   13068040 kB
VmallocTotal:   34359738367 kB
VmallocUsed:           0 kB
VmallocChunk:          0 kB
Percpu:           103040 kB
HardwareCorrupted:     0 kB
AnonHugePages:   1224704 kB
ShmemHugePages:        0 kB
ShmemPmdMapped:        0 kB
CmaTotal:              0 kB
CmaFree:               0 kB
HugePages_Total:       0
HugePages_Free:        0
HugePages_Rsvd:        0
HugePages_Surp:        0
Hugepagesize:       2048 kB
Hugetlb:               0 kB
DirectMap4k:      737404 kB
DirectMap2M:    24066048 kB
DirectMap1G:    781189120 kB
